should see me
A
%3F%5C/%7E%21.%2C%26%3C%3E
%3F%5C/%7E%21.%2C%26%3C%3E
?\/~!.,&amp;&lt;&gt;

MOO
moo
should see me
5

\n\\\'\"\t\f

1-2-3

37

7

yep
yep

0 bytes
1 KB
1 MB
1 GB

0 votes
1 vote
2 votes
0 classes
1 class
2 classes
0 candies
1 candy
2 candies

A Moo And 1Ba37Ao

<a>w1 w2 ...</a>
<a>w1 w2<b>w3</b></a>
<a>w1 w2<b>w3</b></a>
<a>w1 ...</a>