group#0
group#0obj#0
group#0obj#1
group#0obj#2

group#1
group#1obj#0
group#1obj#1
group#1obj#2

group#2
group#2obj#0
group#2obj#1
group#2obj#2

group#3
group#3obj#0
group#3obj#1
group#3obj#2