Should see me1

Should see me 2

Should see me 3


{% if foo %}
Should see me1
{% else %}
Should Not See Me1
{% endif %}

{% if notFoo %}
Should not see me2
{% else %}
Should see me 2
{% endif %}

{% if foo and not notFoo %}
Should see me 3
{% endif %}