3
2
4
2|3|4
3
2
4
2|3|4
1
3
2
4
2|3|4
2
3
2
---
1
2
2
3
***
67
0
C
69
0
E
75
8218
K
.
C

.
E

.
K
&8218;
C,,E,,K,&8218;
