(?-mix:^(( ?\* ?){3,}|( ?\- ?){3,}|( ?_ ?){3,})$)
