_
111
2
Lower.initialize
1
5
Lower.initialize
1
6
1
5
B.self.blah
funny
