1
url
title
true
true
false
false
true
--merge--
true
false
false
true
true
true
1
2
