false
true
false
true
or
or
and
or
yay
----
false
true
true
