true
false
true
false
false
a
b
false
a
b
\*\-_\+\^~%
a\\
a/
https://
https://
