5
6
abc
1
,,,,,abc
1,2,3
7
yes
no
1,,3
1
1

true

