5
6
7
false
true
6,7
true
false
5,6
5,6
5,6
-12,-123,123,1231,1239,129,5,6,91012
-123,-12,5,6,123,129,1231,1239,91012
91012,1239,1231,129,123,6,5,-12,-123
1
3
-1
