Tue Jan 03 1984 08:46:39 GMT-0500 (EST)
ZTue Jan 03 1984 08:46:39 GMT-0500 (EST)
5Tue Jan 03 1984 08:46:39 GMT-0500 (EST)
true
false
