2008
1201928400000
1201939200000
1201939440000
1201939445000
1201939445006
1201939445006
1201939445006
1201939445006
