initial date: 		Thu Feb 28 2008 13:46:15 GMT-0500 (EST)
setDate(1): 		Fri Feb 01 2008 13:46:15 GMT-0500 (EST) (1201891575193)
setDate(-1): 		Wed Jan 30 2008 13:46:15 GMT-0500 (EST) (1201718775193)
setDate(32): 		Fri Feb 01 2008 13:46:15 GMT-0500 (EST) (1201891575193)
setFullYear(1998, 10, 1): 		Sun Nov 01 1998 13:46:15 GMT-0500 (EST) (909945975193)
setFullYear(1997, 11): 		Mon Dec 01 1997 13:46:15 GMT-0500 (EST) (881001975193)
setFullYear(1996): 		Sun Dec 01 1996 13:46:15 GMT-0500 (EST) (849465975193)
setHours(9, 10, 11, 12): 		Sun Dec 01 1996 09:10:11 GMT-0500 (EST) (849449411012)
setHours(8, 7, 6): 		Sun Dec 01 1996 08:07:06 GMT-0500 (EST) (849445626012)
setHours(7, 2): 		Sun Dec 01 1996 07:02:06 GMT-0500 (EST) (849441726012)
setHours(6): 		Sun Dec 01 1996 06:02:06 GMT-0500 (EST) (849438126012)
setHours(-20): 		Sat Nov 30 1996 04:02:06 GMT-0500 (EST) (849344526012)
setHours(30): 		Sun Dec 01 1996 06:02:06 GMT-0500 (EST) (849438126012)
setMilliseconds(50): 		Sun Dec 01 1996 06:02:06 GMT-0500 (EST) (849438126050)
setMilliseconds(2000000): 		Sun Dec 01 1996 06:35:26 GMT-0500 (EST) (849440126000)
setMilliseconds(-2): 		Sun Dec 01 1996 06:35:25 GMT-0500 (EST) (849440125998)
setMinutes(20, 19, 18): 		Sun Dec 01 1996 06:20:19 GMT-0500 (EST) (849439219018)
setMinutes(15, 14): 		Sun Dec 01 1996 06:15:14 GMT-0500 (EST) (849438914018)
setMinutes(17): 		Sun Dec 01 1996 06:17:14 GMT-0500 (EST) (849439034018)
setMinutes(-20): 		Sun Dec 01 1996 05:40:14 GMT-0500 (EST) (849436814018)
setMinutes(70): 		Sun Dec 01 1996 06:10:14 GMT-0500 (EST) (849438614018)
setMonth(2, 1): 		Fri Mar 01 1996 06:10:14 GMT-0500 (EST) (825678614018)
setMonth(3): 		Mon Apr 01 1996 06:10:14 GMT-0500 (EST) (828357014018)
setMonth(13): 		Sat Feb 01 1997 06:10:14 GMT-0500 (EST) (854795414018)
setMonth(-3): 		Tue Oct 01 1996 06:10:14 GMT-0400 (EDT) (844164614018)
setSeconds(3, 5): 		Tue Oct 01 1996 06:10:03 GMT-0400 (EDT) (844164603005)
setSeconds(6): 		Tue Oct 01 1996 06:10:06 GMT-0400 (EDT) (844164606005)
setSeconds(61): 		Tue Oct 01 1996 06:11:01 GMT-0400 (EDT) (844164661005)
setSeconds(-1): 		Tue Oct 01 1996 06:10:59 GMT-0400 (EDT) (844164659005)
setTime(500): 		Wed Dec 31 1969 19:00:00 GMT-0500 (EST) (500)
400
