<salesvendor="John"><name>JohnSmith</name><silly><foo>a</foo></silly><itemtype="peas"price="4"quantity="6"/><itemtype="carrot"price="3"quantity="10"/><itemtype="chips"price="5"quantity="3"/></sales>
John
<silly><foo>a</foo></silly>
JohnSmith
3
