52some prop
52
1in_planes
<something id="1" snakes="in_planes">grr</something>
<else id="2">arg</else>
2
3
2
2
<blargh>
  <blah>2</blah>
  <blah>3</blah>
</blargh>
<blargh name="me2">
  <blah id="4">2</blah>
  <blah foo="bar">3</blah>
  <name attr="foo">me</name>
</blargh>
zap
<blargh>
  <name>me</name>
</blargh>
