<france>
  <food>pain</food>
  <food>haricots verts</food>
  <food>pomme</food>
  <language>
    francais
    <accent>parisian</accent>
  </language>
  <capital>paris</capital>
</france>
<france>
  <food>fromage</food>
  <language>
    francais
    <accent>parisian</accent>
  </language>
  <capital>paris</capital>
  <books>
    <usr>livre</usr>
    <bin>elles</bin>
  </books>
</france>
<x>
  y
  <foo bar="lalala"/>
</x>
