Jeff York
<actors>
  <actor attr="rand">
    <name>me</name>
    <name>
      Jeff
      York
    </name>
    <born>1930</born>
    <film>Old Yeller</film>
    <film>
      <awesome>Zorro</awesome>
    </film>
  </actor>
  <singer>Joni Mitchell</singer>
</actors>
1
2
Joni Mitchell
Zorro
<name>me</name>
<name>
  Jeff
  York
</name>
<born>1930</born>
<film>Old Yeller</film>
<film>
  <awesome>Zorro</awesome>
</film>
<y>
  <a>aaa</a>
</y>
b
<y>
  <deep>
    <deep>
      <down>c</down>
    </deep>
  </deep>
</y>
<copy>foo</copy>
<copy>bar</copy>
<copy>foo</copy>
<copy>bar</copy>
foo
foo

<x>
  <appendChild>fubar</appendChild>
</x>


