<a>b</a>
<a>b</a>
---
<a>b</a>
<c>d</c>
<a>b</a>
---
<a>b</a>
<c>d</c>
<a>b</a>
<yo/>
xml
string
<x>
  <a>bhi</a>
  <b>c</b>
</x>
string
0: b
1: 3
2: gah
ns: bar
<x xmlns:foo="bar">
  <a>b</a>
  <a>3</a>
  <a>gah</a>
  <b>foo</b>
</x>
3
4
true
true
false
,bar
<foo:x>
  <y>z</y>
</foo:x>
1 1
2
hi::x
,hi
