http://blahblah.org
http://blahblah.org
http://blahblah.org::Body
DIS
symbol
sha nanana get a job
one
<two xmlns="go.cats.go">
  <for>
    <the>show</the>
  </for>
</two>
go.cats.go::two
get.ready::to
<joe xmlns="go.cats.go">
  <for>
    <the>show</the>
  </for>
  <three xmlns="get.ready">
    <to>get ready</to>
  </three>
</joe>
<shmoe xmlns:foo="bar">
  <foo2:y xmlns:foo2="bar2">
    <foo:z>sha nanana get a job</foo:z>
  </foo2:y>
</shmoe>
bar2::y
get.ready::diplomat
bar2 foo
hello
x
get.ready
go.daddy.o go.daddy.o
black.dog
go.daddy.o
go.daddy.o black.dog
<x xmlns="go.daddy.o">
  <y xmlns:blah="hello">z</y>
</x>
