a
b
foo
0
1
foo
foo
foo
a
prototype
---
prototype
b
a
b
a
b
