POS0
fooooooenum3
POS1
0
1
fooooooenum3
POS2
POS3
fooooooenum3
POS4
fooooooenum3
