%
a%!!b
a%5!b
aQb
anasdas12425234542353245225345
%20
%25
%40
%60~!%40%23%24%25%5E%26*()-_%3D%2B
%5B%5D%7B%7D%7C%3B%3A''%22%22%2F%3F%3E%3C.%2C
!!!
anasdas12425234542353245225345
%20
%25
@
%60%7E%21@%23%24%25%5E%26*%28%29-_%3D+
%5B%5D%7B%7D%7C%3B%3A%27%27%22%22/%3F%3E%3C.%2C
!!!
anasdas12425234542353245225345
%20
%25
@
%60~!@#$%25%5E&*()-_=+
%5B%5D%7B%7D%7C;:''%22%22/?%3E%3C.,
anasdas12425234542353245225345
 
%
@
`~!@#$%^&*()-_=+
[]{}|;:''""/?><.,
!!!
anasdas12425234542353245225345
 
%
@
`~!@#$%^&*()-_=+
[]{}|;:''""/?><.,
!!!
anasdas12425234542353245225345
 
%
@
`~!@#$%^&*()-_=+
[]{}|;:''""/?><.,
!!!
