2
194
163
---
2
194
163
---
true
3
65332
62005
13347
---
3
65332
62005
13347
---
true
