5
function foo(n) {
    print(arguments[0]);
    print(arguments.callee);
}
