good 1
good 2
was true
was false
true
good 3
a
a
5
false
true
2
hi
1
