0
2
1
NaN
0
1
NaN
5
-5
NaN
161
161
NaN
-10
5
5
90
NaN
NaN
-3.1
5
