0
1
-1
-1
1
100
4
3.141592653589793
foo
-Infinity
