true
true
true
false
false
true
false
false
true
false
false
true
false
false
true
false
false
true
false
false
true
false
false
true
false
false
true
false
false
true
false
false
true
false
false
true
false
false
true
false
false
true
false
false
true
false
false
true
false
false
true
false
false
true
false
false
true
false
false
true
false
false
true
false
false
true
false
false
true
false
false
true
false
false
true
false
false
true
false
false
true
false
false
true
false
false
true
false
false
true
false
false
---
true
315600
