4
2
8
2
16
2
32
2
64
2
128
2
256
2
512
2
1024
2
2048
2
4096
2
8192
2
16384
2
32768
2
65536
2
131072
2
262144
2
524288
2
1048576
2
2097152
2
4194304
2
8388608
2
16777216
2
33554432
2
67108864
2
134217728
2
268435456
2
536870912
2
1073741824
2
2147483648
2
4294967296
2
8589934592
2
17179869184
2
34359738368
2
68719476736
2
137438953472
2
274877906944
2
549755813888
2
1099511627776
2
2199023255552
2
4398046511104
2
8796093022208
2
17592186044416
2
35184372088832
2
70368744177664
2
140737488355328
2
281474976710656
2
562949953421312
2
1125899906842624
2
abc6
false
false
false
false
false
false
true
