5
true
12312312
0.12
-0.12
0.12
-0.12
5.12321
5
0
-123
