5
5
hi 
5
asd
123
123
123
123
125
NaN
2.5
NaN
512
5a
125
-7
NaN
0
0.0
0.00
0.000
0
0.2
0.20
0.200
0
0.4
0.40
0.400
1
0.6
0.60
0.600
1
0.8
0.80
0.800
1
1.0
1.00
1.000
1
1.2
1.20
1.200
1
1.4
1.40
1.400
2
1.6
1.60
1.600
2
1.8
1.80
1.800
2
2.0
2.00
2.000
2
2.2
2.20
2.200
2
2.4
2.40
2.400
3
2.6
2.60
2.600
3
2.8
2.80
2.800
3
3.0
3.00
3.000
3
3.2
3.20
3.200
3
3.4
3.40
3.400
4
3.6
3.60
3.600
4
3.8
3.80
3.800
4
4.0
4.00
4.000
4
4.2
4.20
4.200
4
4.4
4.40
4.400
5
4.6
4.60
4.600
5
4.8
4.80
4.800
5
5.0
5.00
5.000
----
9
9
9
9
9
---
true
false
5
-5
null
1
false
false
true
true
true
1
2
3
