15
15
15
5
11
0
15
15
5
15
2
8
1
NaN
NaN
2
2
false
true
2
