--- obj 
true
object
object
--- date 
number
object
--- number 
number
number
--- string 
string
string
---
5
1345
string
string
