3 = 3.0
3 = 3.0
NaN = NaN
13 = 13.0
101 = 101.0
7 = 7.0
