here
ZZ
a
b
c
c
d
d
ZZ
ZZ
d
ZZ
a
b
c
c
d
d
ZZ
d
ZZ
ZZ
