5
5
6
5
1 = 1
1 = 1
4 = 4
3 = 3
*4 = 4
null = null 
3 = 3
