should see me
true
should see me 2
should see me 3