x : 1<br> 
y : 2<br> 
z : 3<br> 

0 : one<br> 
1 : two<br> 
2 : three<br>
