n:0
counter: 1
counter0: 0
revcounter: 5
revcounter0: 4
first: true
last: false

n:1
counter: 2
counter0: 1
revcounter: 4
revcounter0: 3
first: false
last: false

n:2
counter: 3
counter0: 2
revcounter: 3
revcounter0: 2
first: false
last: false

n:3
counter: 4
counter0: 3
revcounter: 2
revcounter0: 1
first: false
last: false

n:4
counter: 5
counter0: 4
revcounter: 1
revcounter0: 0
first: false
last: true