<div>
  b
</div> LINE26

<div>
  <span>
    this is fun
  </span> LINE33
</div>
