Should see me

Should see me2

Should see me3

Should see me4

Should see me5

Should see me6
