Should see me1
Should see me 2

Should see me1
Should see me 2

Should see me1
Should see me 2

Should see me1
Should see me 2

Should see me1
Should see me 2
