<div>
        11
</div>

<div class=123 >
        11
</div>
