a
basdlkajsd
b
basdlkajsd
a
basdlkajsd
b
basdlkajsd
b
basdlkajsd
