false
true
false
true
or
or
and
or
yay
----
false
true
true
0
silly.blah
0
silly.blah
silly
---
1
1
0
-1
-1
